# The scope an OAuth access token needs for each operation (x-oauth-scope of the pinned specs).
# An operation that is not listed is not available to OAuth tokens.
# Regenerate with SUPAVISE_UPDATE_GOLDEN=1 go test ./internal/api -run TestOAuthScopeGolden
DELETE /v1/branches/{branch_id_or_ref}	environment:write
DELETE /v1/projects/{ref}	projects:write
DELETE /v1/projects/{ref}/api-keys/{id}	secrets:write
DELETE /v1/projects/{ref}/branches	environment:write
DELETE /v1/projects/{ref}/cli/login-role	database:write
DELETE /v1/projects/{ref}/config/auth/signing-keys/{id}	secrets:write
DELETE /v1/projects/{ref}/config/auth/sso/providers/{provider_id}	auth:write
DELETE /v1/projects/{ref}/config/auth/third-party-auth/{tpa_id}	auth:write
DELETE /v1/projects/{ref}/custom-hostname	domains:write
DELETE /v1/projects/{ref}/database/migrations	database:write
DELETE /v1/projects/{ref}/functions/{function_slug}	edge_functions:write
DELETE /v1/projects/{ref}/network-bans	projects:write
DELETE /v1/projects/{ref}/secrets	secrets:write
DELETE /v1/projects/{ref}/vanity-subdomain	domains:write
DELETE /v2/organizations/{slug}/members/invitations	organizations:write
DELETE /v2/projects/{ref}/analytics/log-drains/{id}	analytics_config:write
DELETE /v2/projects/{ref}/compute/{name}	edge_functions:write
DELETE /v2/projects/{ref}/notebooks/{id}	database:write
GET /v1/branches/{branch_id_or_ref}	environment:read
GET /v1/branches/{branch_id_or_ref}/diff	environment:write
GET /v1/organizations	organizations:read
GET /v1/organizations/{slug}	organizations:read
GET /v1/organizations/{slug}/entitlements	organizations:read
GET /v1/organizations/{slug}/members	organizations:read
GET /v1/organizations/{slug}/projects	projects:read
GET /v1/projects	projects:read
GET /v1/projects/available-regions	organizations:read
GET /v1/projects/{ref}	projects:read
GET /v1/projects/{ref}/actions	environment:read
GET /v1/projects/{ref}/actions/{run_id}	environment:read
GET /v1/projects/{ref}/actions/{run_id}/logs	environment:read
GET /v1/projects/{ref}/advisors/performance	database:read
GET /v1/projects/{ref}/advisors/security	database:read
GET /v1/projects/{ref}/analytics/endpoints/logs	analytics:read
GET /v1/projects/{ref}/analytics/endpoints/logs.all	analytics:read
GET /v1/projects/{ref}/analytics/endpoints/metrics	analytics:read
GET /v1/projects/{ref}/api-keys	secrets:read
GET /v1/projects/{ref}/api-keys/legacy	secrets:read
GET /v1/projects/{ref}/api-keys/{id}	secrets:read
GET /v1/projects/{ref}/branches	environment:read
GET /v1/projects/{ref}/branches/{name}	environment:read
GET /v1/projects/{ref}/config/auth	auth:read
GET /v1/projects/{ref}/config/auth/signing-keys	secrets:read
GET /v1/projects/{ref}/config/auth/signing-keys/legacy	secrets:read
GET /v1/projects/{ref}/config/auth/sso/providers	auth:read
GET /v1/projects/{ref}/config/auth/sso/providers/{provider_id}	auth:read
GET /v1/projects/{ref}/config/auth/third-party-auth	auth:read
GET /v1/projects/{ref}/config/auth/third-party-auth/{tpa_id}	auth:read
GET /v1/projects/{ref}/config/database/pgbouncer	database:read
GET /v1/projects/{ref}/config/database/pooler	database:read
GET /v1/projects/{ref}/config/database/postgres	database:read
GET /v1/projects/{ref}/config/storage	storage:read	(override)
GET /v1/projects/{ref}/custom-hostname	domains:read
GET /v1/projects/{ref}/database/backups	database:read
GET /v1/projects/{ref}/database/backups/restore-point	database:read
GET /v1/projects/{ref}/database/backups/schedule	database:read
GET /v1/projects/{ref}/database/context	projects:read
GET /v1/projects/{ref}/database/jit	database:read
GET /v1/projects/{ref}/database/migrations	database:read
GET /v1/projects/{ref}/database/migrations/{version}	database:read
GET /v1/projects/{ref}/database/openapi	database:read
GET /v1/projects/{ref}/functions	edge_functions:read
GET /v1/projects/{ref}/functions/{function_slug}	edge_functions:read
GET /v1/projects/{ref}/functions/{function_slug}/body	edge_functions:read
GET /v1/projects/{ref}/health	projects:read
GET /v1/projects/{ref}/jit-access	database:read
GET /v1/projects/{ref}/network-restrictions	projects:read
GET /v1/projects/{ref}/pgsodium	secrets:read
GET /v1/projects/{ref}/postgrest	rest:read
GET /v1/projects/{ref}/readonly	database:read
GET /v1/projects/{ref}/restore	projects:read
GET /v1/projects/{ref}/secrets	secrets:read
GET /v1/projects/{ref}/ssl-enforcement	database:read
GET /v1/projects/{ref}/storage/buckets	storage:read
GET /v1/projects/{ref}/types/typescript	database:read
GET /v1/projects/{ref}/upgrade/eligibility	projects:read
GET /v1/projects/{ref}/upgrade/status	projects:read
GET /v1/projects/{ref}/vanity-subdomain	domains:read
GET /v1/snippets	database:read
GET /v1/snippets/{id}	database:read
GET /v2/organizations/{slug}/integrations/github/connections	projects:read
GET /v2/organizations/{slug}/members	organizations:read
GET /v2/organizations/{slug}/projects	projects:read
GET /v2/organizations/{slug}/roles	organizations:read
GET /v2/projects/{ref}/analytics/log-drains	analytics_config:read
GET /v2/projects/{ref}/compute	edge_functions:read
GET /v2/projects/{ref}/compute/{name}	edge_functions:read
GET /v2/projects/{ref}/notebooks	database:read
GET /v2/projects/{ref}/notebooks/{id}	database:read
HEAD /v1/projects/{ref}/actions	environment:read
PATCH /v1/branches/{branch_id_or_ref}	environment:write
PATCH /v1/projects/{ref}	projects:write
PATCH /v1/projects/{ref}/actions/{run_id}/status	environment:write
PATCH /v1/projects/{ref}/api-keys/{id}	secrets:write
PATCH /v1/projects/{ref}/config/auth	auth:write
PATCH /v1/projects/{ref}/config/auth/signing-keys/{id}	secrets:write
PATCH /v1/projects/{ref}/config/database/pooler	database:write
PATCH /v1/projects/{ref}/config/storage	storage:write	(override)
PATCH /v1/projects/{ref}/database/backups/schedule	database:write
PATCH /v1/projects/{ref}/database/migrations/{version}	database:write
PATCH /v1/projects/{ref}/database/password	database:write
PATCH /v1/projects/{ref}/functions/{function_slug}	edge_functions:write
PATCH /v1/projects/{ref}/network-restrictions	projects:write
PATCH /v1/projects/{ref}/postgrest	rest:write
PATCH /v2/projects/{ref}/notebooks/{id}	database:write
POST /v1/branches/{branch_id_or_ref}/merge	environment:write
POST /v1/branches/{branch_id_or_ref}/push	environment:write
POST /v1/branches/{branch_id_or_ref}/reset	environment:write
POST /v1/branches/{branch_id_or_ref}/restore	environment:write
POST /v1/projects	projects:write
POST /v1/projects/{ref}/api-keys	secrets:write
POST /v1/projects/{ref}/branches	environment:write
POST /v1/projects/{ref}/cli/login-role	database:write
POST /v1/projects/{ref}/config/auth/signing-keys	secrets:write
POST /v1/projects/{ref}/config/auth/signing-keys/legacy	secrets:write
POST /v1/projects/{ref}/config/auth/sso/providers	auth:write
POST /v1/projects/{ref}/config/auth/third-party-auth	auth:write
POST /v1/projects/{ref}/custom-hostname/activate	domains:write
POST /v1/projects/{ref}/custom-hostname/initialize	domains:write
POST /v1/projects/{ref}/custom-hostname/reverify	domains:write
POST /v1/projects/{ref}/database/backups/restore	database:write
POST /v1/projects/{ref}/database/backups/restore-pitr	database:write
POST /v1/projects/{ref}/database/backups/restore-point	database:write
POST /v1/projects/{ref}/database/backups/undo	database:write
POST /v1/projects/{ref}/database/jit	database:read
POST /v1/projects/{ref}/database/migrations	database:write
POST /v1/projects/{ref}/database/query	database:write
POST /v1/projects/{ref}/database/query/read-only	database:read
POST /v1/projects/{ref}/database/webhooks/enable	database:write
POST /v1/projects/{ref}/functions	edge_functions:write
POST /v1/projects/{ref}/functions/deploy	edge_functions:write
POST /v1/projects/{ref}/network-bans/retrieve	projects:read
POST /v1/projects/{ref}/network-bans/retrieve/enriched	projects:read
POST /v1/projects/{ref}/network-restrictions/apply	projects:write
POST /v1/projects/{ref}/pause	projects:write
POST /v1/projects/{ref}/readonly/temporary-disable	database:write
POST /v1/projects/{ref}/restart	projects:write
POST /v1/projects/{ref}/restore	projects:write
POST /v1/projects/{ref}/restore/cancel	projects:write
POST /v1/projects/{ref}/secrets	secrets:write
POST /v1/projects/{ref}/upgrade	projects:write
POST /v1/projects/{ref}/vanity-subdomain/activate	domains:write
POST /v1/projects/{ref}/vanity-subdomain/check-availability	domains:write
POST /v2/organizations/{slug}/members/invitations	organizations:write
POST /v2/projects/{ref}/analytics/log-drains	analytics_config:write
POST /v2/projects/{ref}/branches	environment:write
POST /v2/projects/{ref}/compute/{name}/deploy	edge_functions:write
POST /v2/projects/{ref}/compute/{name}/uploads	edge_functions:write
POST /v2/projects/{ref}/notebooks	database:write
PUT /v1/projects/{ref}/api-keys/legacy	secrets:write
PUT /v1/projects/{ref}/config/auth/sso/providers/{provider_id}	auth:write
PUT /v1/projects/{ref}/config/database/postgres	database:write
PUT /v1/projects/{ref}/database/migrations	database:write
PUT /v1/projects/{ref}/functions	edge_functions:write
PUT /v1/projects/{ref}/jit-access	database:write
PUT /v1/projects/{ref}/pgsodium	secrets:write
PUT /v1/projects/{ref}/ssl-enforcement	database:write
PUT /v2/projects/{ref}/analytics/log-drains/{id}	analytics_config:write
